exports[`plugins > verticals embed > verticals embed modal > render upload modals #0`] =
{
  "ID": "9dc7e1da-a09e-4a54-b35b-a61a21e83163",
  "blocks": [
    {
      "data": {},
      "depth": 0,
      "entityRanges": [],
      "inlineStyleRanges": [],
      "key": 0,
      "text": "",
      "type": "unstyled"
    },
    {
      "data": {},
      "depth": 0,
      "entityRanges": [],
      "inlineStyleRanges": [],
      "key": 1,
      "text": "",
      "type": "atomic"
    },
    {
      "data": {},
      "depth": 0,
      "entityRanges": [
        {
          "key": 0,
          "length": 1,
          "offset": 0
        }
      ],
      "inlineStyleRanges": [],
      "key": 2,
      "text": " ",
      "type": "atomic"
    },
    {
      "data": {},
      "depth": 0,
      "entityRanges": [],
      "inlineStyleRanges": [],
      "key": 3,
      "text": "",
      "type": "unstyled"
    },
    {
      "data": {},
      "depth": 0,
      "entityRanges": [],
      "inlineStyleRanges": [],
      "key": 4,
      "text": "",
      "type": "unstyled"
    }
  ],
  "documentStyle": {},
  "entityMap": {
    "0": {
      "data": {
        "selectedProduct": {
          "html": "<a class=\"vertical-embed-link\" href=\"https://www.wix.app/stores/54e7b326-49ec-434f-a7cc-c2ad1eaec049/catalog/265beaf5-3008-c5c2-fa5e-1447e0bebf71?d=https://sapirs0.wixsite.com/mysite/product-page/flowers\" target=\"_blank\"><div class=\"vertical-embed-card vertical-embed-ltr vertical-embed-cardLayout\"><div style=\"background-image:url(https://static.wixstatic.com/media/11062b_3a93dbce5ab64e7c90d9b2a83a598893~mv2.jpg/v1/fit/w_6720,h_4480,q_90/file.jpg)\" class=\"vertical-embed-imageLayout vertical-embed-image\"></div><div class=\"vertical-embed-content\"><div><div class=\"vertical-embed-title\">flowers</div></div><div class=\"vertical-embed-button\"><div class=\"vertical-embed-buttonText\">Comprar ahora</div></div></div></div></a>",
          "id": "265beaf5-3008-c5c2-fa5e-1447e0bebf71",
          "imageSrc": "https://static.wixstatic.com/media/11062b_3a93dbce5ab64e7c90d9b2a83a598893~mv2.jpg/v1/fit/w_6720,h_4480,q_90/file.jpg",
          "name": "flowers",
          "pageUrl": "https://www.wix.app/stores/54e7b326-49ec-434f-a7cc-c2ad1eaec049/catalog/265beaf5-3008-c5c2-fa5e-1447e0bebf71?d=https://sapirs0.wixsite.com/mysite/product-page/flowers"
        },
        "type": "product"
      },
      "mutability": "IMMUTABLE",
      "type": "wix-draft-plugin-vertical-embed"
    }
  }
};

exports[`plugins > verticals embed > verticals embed modal > render PRODUCT upload modal #0`] =
{
  "ID": "cad93d79-f174-4187-bd30-620ef2c32121",
  "blocks": [
    {
      "data": {},
      "depth": 0,
      "entityRanges": [],
      "inlineStyleRanges": [],
      "key": 0,
      "text": "",
      "type": "unstyled"
    },
    {
      "data": {},
      "depth": 0,
      "entityRanges": [
        {
          "key": 0,
          "length": 1,
          "offset": 0
        }
      ],
      "inlineStyleRanges": [],
      "key": 1,
      "text": " ",
      "type": "atomic"
    },
    {
      "data": {},
      "depth": 0,
      "entityRanges": [],
      "inlineStyleRanges": [],
      "key": 2,
      "text": "",
      "type": "unstyled"
    }
  ],
  "documentStyle": {},
  "entityMap": {
    "0": {
      "data": {
        "selectedProduct": {
          "html": "<a class=\"vertical-embed-link\" href=\"https://www.wix.app/stores/54e7b326-49ec-434f-a7cc-c2ad1eaec049/catalog/265beaf5-3008-c5c2-fa5e-1447e0bebf71?d=https://sapirs0.wixsite.com/mysite/product-page/flowers\" target=\"_blank\"><div class=\"vertical-embed-card vertical-embed-ltr vertical-embed-cardLayout\"><div style=\"background-image:url(https://static.wixstatic.com/media/11062b_3a93dbce5ab64e7c90d9b2a83a598893~mv2.jpg/v1/fit/w_6720,h_4480,q_90/file.jpg)\" class=\"vertical-embed-imageLayout vertical-embed-image\"></div><div class=\"vertical-embed-content\"><div><div class=\"vertical-embed-title\">flowers</div></div><div class=\"vertical-embed-button\"><div class=\"vertical-embed-buttonText\">Comprar ahora</div></div></div></div></a>",
          "id": "265beaf5-3008-c5c2-fa5e-1447e0bebf71",
          "imageSrc": "https://static.wixstatic.com/media/11062b_3a93dbce5ab64e7c90d9b2a83a598893~mv2.jpg/v1/fit/w_6720,h_4480,q_90/file.jpg",
          "name": "flowers",
          "pageUrl": "https://www.wix.app/stores/54e7b326-49ec-434f-a7cc-c2ad1eaec049/catalog/265beaf5-3008-c5c2-fa5e-1447e0bebf71?d=https://sapirs0.wixsite.com/mysite/product-page/flowers"
        },
        "type": "product"
      },
      "mutability": "IMMUTABLE",
      "type": "wix-draft-plugin-vertical-embed"
    }
  }
};

exports[`plugins > verticals embed > verticals embed modal > render BOOKING upload modal #0`] =
{
  "ID": "a2201232-bd43-44b9-bdd0-a1542a0f223d",
  "blocks": [
    {
      "data": {},
      "depth": 0,
      "entityRanges": [],
      "inlineStyleRanges": [],
      "key": 0,
      "text": "",
      "type": "unstyled"
    },
    {
      "data": {},
      "depth": 0,
      "entityRanges": [
        {
          "key": 0,
          "length": 1,
          "offset": 0
        }
      ],
      "inlineStyleRanges": [],
      "key": 1,
      "text": " ",
      "type": "atomic"
    },
    {
      "data": {},
      "depth": 0,
      "entityRanges": [],
      "inlineStyleRanges": [],
      "key": 2,
      "text": "",
      "type": "unstyled"
    }
  ],
  "documentStyle": {},
  "entityMap": {
    "0": {
      "data": {
        "selectedProduct": {
          "description": 90,
          "durations": 90,
          "html": "<a class=\"vertical-embed-link\" href=\"https://www.wix.app/bookings/54e7b326-49ec-434f-a7cc-c2ad1eaec049/service/03ef6546-985d-4739-951e-ca897375b967/details?d=https://sapirs0.wixsite.com/mysite/bookings-checkout/cupcake-master\" target=\"_blank\"><div class=\"vertical-embed-card vertical-embed-ltr vertical-embed-cardLayout\"><div style=\"background-image:url(https://static.wixstatic.com/media/78ccafc88f7fce3e55bd7a33f166704b.jpg)\" class=\"vertical-embed-imageLayout vertical-embed-image\"></div><div class=\"vertical-embed-content\"><div><div class=\"vertical-embed-title\">CUPCAKE MASTER</div><div class=\"vertical-embed-subtitle\">1h 30min</div></div><div class=\"vertical-embed-button\"><div class=\"vertical-embed-buttonText\">Reservar ahora</div></div></div></div></a>",
          "id": "03ef6546-985d-4739-951e-ca897375b967",
          "imageSrc": "https://static.wixstatic.com/media/78ccafc88f7fce3e55bd7a33f166704b.jpg",
          "name": "CUPCAKE MASTER",
          "pageUrl": "https://www.wix.app/bookings/54e7b326-49ec-434f-a7cc-c2ad1eaec049/service/03ef6546-985d-4739-951e-ca897375b967/details?d=https://sapirs0.wixsite.com/mysite/bookings-checkout/cupcake-master"
        },
        "type": "booking"
      },
      "mutability": "IMMUTABLE",
      "type": "wix-draft-plugin-vertical-embed"
    }
  }
};

exports[`plugins > verticals embed > verticals embed modal > render EVENT upload modal #0`] =
{
  "ID": "408d2e97-7705-46c2-b4f8-4d0273c358fa",
  "blocks": [
    {
      "data": {},
      "depth": 0,
      "entityRanges": [],
      "inlineStyleRanges": [],
      "key": 0,
      "text": "",
      "type": "unstyled"
    },
    {
      "data": {},
      "depth": 0,
      "entityRanges": [
        {
          "key": 0,
          "length": 1,
          "offset": 0
        }
      ],
      "inlineStyleRanges": [],
      "key": 1,
      "text": " ",
      "type": "atomic"
    },
    {
      "data": {},
      "depth": 0,
      "entityRanges": [],
      "inlineStyleRanges": [],
      "key": 2,
      "text": "",
      "type": "unstyled"
    }
  ],
  "documentStyle": {},
  "entityMap": {
    "0": {
      "data": {
        "selectedProduct": {
          "description": "13 de octubre de 2020 19:00-27 de octubre de 2020 23:00 | Suzanna Baby Shop",
          "html": "<a class=\"vertical-embed-link\" href=\"https://www.wix.app/events/54e7b326-49ec-434f-a7cc-c2ad1eaec049/65129504-3bfc-44c8-90cc-f9eedfea9321/details?d=https://sapirs0.wixsite.com/mysite/event-details/2-week-course-of-intensive-physical-research-with-a-sense-of-plenty-of-time-for-process-and-discovery-rooted-in-ohad-n\" target=\"_blank\"><div class=\"vertical-embed-card vertical-embed-ltr vertical-embed-cardLayout\"><div style=\"background-image:url(https://static.wixstatic.com/media/2571849c6b0749a4bbd008a06fd65762.jpg)\" class=\"vertical-embed-imageLayout vertical-embed-image\"></div><div class=\"vertical-embed-content\"><div><div class=\"vertical-embed-title\">2-week course of intensive physical research, with a sense of plenty of time for...</div><div class=\"vertical-embed-subtitle\">13 de octubre de 2020 19:00-27 de octubre de 2020 23:00<span><span class=\"vertical-embed-right\">|</span>Suzanna Baby Shop</span></div></div><div class=\"vertical-embed-button\"><div class=\"vertical-embed-buttonText\">Reg√≠strate</div></div></div></div></a>",
          "id": "65129504-3bfc-44c8-90cc-f9eedfea9321",
          "imageSrc": "https://static.wixstatic.com/media/2571849c6b0749a4bbd008a06fd65762.jpg",
          "location": " Suzanna Baby Shop",
          "name": "2-week course of intensive physical research, with a sense of plenty of time for process and discovery. Rooted in Ohad N",
          "pageUrl": "https://www.wix.app/events/54e7b326-49ec-434f-a7cc-c2ad1eaec049/65129504-3bfc-44c8-90cc-f9eedfea9321/details?d=https://sapirs0.wixsite.com/mysite/event-details/2-week-course-of-intensive-physical-research-with-a-sense-of-plenty-of-time-for-process-and-discovery-rooted-in-ohad-n",
          "scheduling": "13 de octubre de 2020 19:00-27 de octubre de 2020 23:00 "
        },
        "type": "event"
      },
      "mutability": "IMMUTABLE",
      "type": "wix-draft-plugin-vertical-embed"
    }
  }
};
